v@:c
c@:
c16@4:8{_NSPoint=ff}12@20
@@:{_NSRect={_NSPoint=ff}{_NSSize=ff}}
v@:{_NSPoint=ff}{_NSPoint=ff}@c
v@:
@@:
i@:
I@:
s@:
S@:
f@:
v@:@
v@:i
v@:I
v@:s
v@:S
v@:f
@@:@
@@:i
@@:I
@@:s
@@:S
@@:f
i@:@
i@:i
i@:I
i@:s
i@:S
i@:f
I@:@
I@:i
I@:I
I@:s
I@:S
I@:f
s@:@
s@:i
s@:I
s@:s
s@:S
s@:f
S@:@
S@:i
S@:I
S@:s
S@:S
S@:f
f@:@
f@:i
f@:I
f@:s
f@:S
f@:f
v@:@@
v@:@i
v@:@I
v@:@s
v@:@S
v@:@f
v@:i@
v@:ii
v@:iI
v@:is
v@:iS
v@:if
v@:I@
v@:Ii
v@:II
v@:Is
v@:IS
v@:If
v@:s@
v@:si
v@:sI
v@:ss
v@:sS
v@:sf
v@:S@
v@:Si
v@:SI
v@:Ss
v@:SS
v@:Sf
v@:f@
v@:fi
v@:fI
v@:fs
v@:fS
v@:ff
@@:@@
@@:@i
@@:@I
@@:@s
@@:@S
@@:@f
@@:i@
@@:ii
@@:iI
@@:is
@@:iS
@@:if
@@:I@
@@:Ii
@@:II
@@:Is
@@:IS
@@:If
@@:s@
@@:si
@@:sI
@@:ss
@@:sS
@@:sf
@@:S@
@@:Si
@@:SI
@@:Ss
@@:SS
@@:Sf
@@:f@
@@:fi
@@:fI
@@:fs
@@:fS
@@:ff
i@:@@
i@:@i
i@:@I
i@:@s
i@:@S
i@:@f
i@:i@
i@:ii
i@:iI
i@:is
i@:iS
i@:if
i@:I@
i@:Ii
i@:II
i@:Is
i@:IS
i@:If
i@:s@
i@:si
i@:sI
i@:ss
i@:sS
i@:sf
i@:S@
i@:Si
i@:SI
i@:Ss
i@:SS
i@:Sf
i@:f@
i@:fi
i@:fI
i@:fs
i@:fS
i@:ff
I@:@@
I@:@i
I@:@I
I@:@s
I@:@S
I@:@f
I@:i@
I@:ii
I@:iI
I@:is
I@:iS
I@:if
I@:I@
I@:Ii
I@:II
I@:Is
I@:IS
I@:If
I@:s@
I@:si
I@:sI
I@:ss
I@:sS
I@:sf
I@:S@
I@:Si
I@:SI
I@:Ss
I@:SS
I@:Sf
I@:f@
I@:fi
I@:fI
I@:fs
I@:fS
I@:ff
s@:@@
s@:@i
s@:@I
s@:@s
s@:@S
s@:@f
s@:i@
s@:ii
s@:iI
s@:is
s@:iS
s@:if
s@:I@
s@:Ii
s@:II
s@:Is
s@:IS
s@:If
s@:s@
s@:si
s@:sI
s@:ss
s@:sS
s@:sf
s@:S@
s@:Si
s@:SI
s@:Ss
s@:SS
s@:Sf
s@:f@
s@:fi
s@:fI
s@:fs
s@:fS
s@:ff
S@:@@
S@:@i
S@:@I
S@:@s
S@:@S
S@:@f
S@:i@
S@:ii
S@:iI
S@:is
S@:iS
S@:if
S@:I@
S@:Ii
S@:II
S@:Is
S@:IS
S@:If
S@:s@
S@:si
S@:sI
S@:ss
S@:sS
S@:sf
S@:S@
S@:Si
S@:SI
S@:Ss
S@:SS
S@:Sf
S@:f@
S@:fi
S@:fI
S@:fs
S@:fS
S@:ff
f@:@@
f@:@i
f@:@I
f@:@s
f@:@S
f@:@f
f@:i@
f@:ii
f@:iI
f@:is
f@:iS
f@:if
f@:I@
f@:Ii
f@:II
f@:Is
f@:IS
f@:If
f@:s@
f@:si
f@:sI
f@:ss
f@:sS
f@:sf
f@:S@
f@:Si
f@:SI
f@:Ss
f@:SS
f@:Sf
f@:f@
f@:fi
f@:fI
f@:fs
f@:fS
f@:ff
v@:@@@
v@:@@i
v@:@@@i
v@:@@I
v@:@@s
v@:@@S
v@:@@f
v@:@i@
v@:@ii
v@:@iI
v@:@is
v@:@iS
v@:@if
v@:@I@
v@:@Ii
v@:@II
v@:@Is
v@:@IS
v@:@If
v@:@s@
v@:@si
v@:@sI
v@:@ss
v@:@sS
v@:@sf
v@:@S@
v@:@Si
v@:@SI
v@:@Ss
v@:@SS
v@:@Sf
v@:@f@
v@:@fi
v@:@fI
v@:@fs
v@:@fS
v@:@ff
v@:i@@
v@:i@i
v@:i@I
v@:i@s
v@:i@S
v@:i@f
v@:ii@
v@:iii
v@:iiI
v@:iis
v@:iiS
v@:iif
v@:iI@
v@:iIi
v@:iII
v@:iIs
v@:iIS
v@:iIf
v@:is@
v@:isi
v@:isI
v@:iss
v@:isS
v@:isf
v@:iS@
v@:iSi
v@:iSI
v@:iSs
v@:iSS
v@:iSf
v@:if@
v@:ifi
v@:ifI
v@:ifs
v@:ifS
v@:iff
v@:I@@
v@:I@i
v@:I@I
v@:I@s
v@:I@S
v@:I@f
v@:Ii@
v@:Iii
v@:IiI
v@:Iis
v@:IiS
v@:Iif
v@:II@
v@:IIi
v@:III
v@:IIs
v@:IIS
v@:IIf
v@:Is@
v@:Isi
v@:IsI
v@:Iss
v@:IsS
v@:Isf
v@:IS@
v@:ISi
v@:ISI
v@:ISs
v@:ISS
v@:ISf
v@:If@
v@:Ifi
v@:IfI
v@:Ifs
v@:IfS
v@:Iff
v@:s@@
v@:s@i
v@:s@I
v@:s@s
v@:s@S
v@:s@f
v@:si@
v@:sii
v@:siI
v@:sis
v@:siS
v@:sif
v@:sI@
v@:sIi
v@:sII
v@:sIs
v@:sIS
v@:sIf
v@:ss@
v@:ssi
v@:ssI
v@:sss
v@:ssS
v@:ssf
v@:sS@
v@:sSi
v@:sSI
v@:sSs
v@:sSS
v@:sSf
v@:sf@
v@:sfi
v@:sfI
v@:sfs
v@:sfS
v@:sff
v@:S@@
v@:S@i
v@:S@I
v@:S@s
v@:S@S
v@:S@f
v@:Si@
v@:Sii
v@:SiI
v@:Sis
v@:SiS
v@:Sif
v@:SI@
v@:SIi
v@:SII
v@:SIs
v@:SIS
v@:SIf
v@:Ss@
v@:Ssi
v@:SsI
v@:Sss
v@:SsS
v@:Ssf
v@:SS@
v@:SSi
v@:SSI
v@:SSs
v@:SSS
v@:SSf
v@:Sf@
v@:Sfi
v@:SfI
v@:Sfs
v@:SfS
v@:Sff
v@:f@@
v@:f@i
v@:f@I
v@:f@s
v@:f@S
v@:f@f
v@:fi@
v@:fii
v@:fiI
v@:fis
v@:fiS
v@:fif
v@:fI@
v@:fIi
v@:fII
v@:fIs
v@:fIS
v@:fIf
v@:fs@
v@:fsi
v@:fsI
v@:fss
v@:fsS
v@:fsf
v@:fS@
v@:fSi
v@:fSI
v@:fSs
v@:fSS
v@:fSf
v@:ff@
v@:ffi
v@:ffI
v@:ffs
v@:ffS
v@:fff
@@:@@@
@@:@@i
@@:@@I
@@:@@s
@@:@@S
@@:@@f
@@:@i@
@@:@ii
@@:@iI
@@:@is
@@:@iS
@@:@if
@@:@I@
@@:@Ii
@@:@II
@@:@Is
@@:@IS
@@:@If
@@:@s@
@@:@si
@@:@sI
@@:@ss
@@:@sS
@@:@sf
@@:@S@
@@:@Si
@@:@SI
@@:@Ss
@@:@SS
@@:@Sf
@@:@f@
@@:@fi
@@:@fI
@@:@fs
@@:@fS
@@:@ff
@@:i@@
@@:i@i
@@:i@I
@@:i@s
@@:i@S
@@:i@f
@@:ii@
@@:iii
@@:iiI
@@:iis
@@:iiS
@@:iif
@@:iI@
@@:iIi
@@:iII
@@:iIs
@@:iIS
@@:iIf
@@:is@
@@:isi
@@:isI
@@:iss
@@:isS
@@:isf
@@:iS@
@@:iSi
@@:iSI
@@:iSs
@@:iSS
@@:iSf
@@:if@
@@:ifi
@@:ifI
@@:ifs
@@:ifS
@@:iff
@@:I@@
@@:I@i
@@:I@I
@@:I@s
@@:I@S
@@:I@f
@@:Ii@
@@:Iii
@@:IiI
@@:Iis
@@:IiS
@@:Iif
@@:II@
@@:IIi
@@:III
@@:IIs
@@:IIS
@@:IIf
@@:Is@
@@:Isi
@@:IsI
@@:Iss
@@:IsS
@@:Isf
@@:IS@
@@:ISi
@@:ISI
@@:ISs
@@:ISS
@@:ISf
@@:If@
@@:Ifi
@@:IfI
@@:Ifs
@@:IfS
@@:Iff
@@:s@@
@@:s@i
@@:s@I
@@:s@s
@@:s@S
@@:s@f
@@:si@
@@:sii
@@:siI
@@:sis
@@:siS
@@:sif
@@:sI@
@@:sIi
@@:sII
@@:sIs
@@:sIS
@@:sIf
@@:ss@
@@:ssi
@@:ssI
@@:sss
@@:ssS
@@:ssf
@@:sS@
@@:sSi
@@:sSI
@@:sSs
@@:sSS
@@:sSf
@@:sf@
@@:sfi
@@:sfI
@@:sfs
@@:sfS
@@:sff
@@:S@@
@@:S@i
@@:S@I
@@:S@s
@@:S@S
@@:S@f
@@:Si@
@@:Sii
@@:SiI
@@:Sis
@@:SiS
@@:Sif
@@:SI@
@@:SIi
@@:SII
@@:SIs
@@:SIS
@@:SIf
@@:Ss@
@@:Ssi
@@:SsI
@@:Sss
@@:SsS
@@:Ssf
@@:SS@
@@:SSi
@@:SSI
@@:SSs
@@:SSS
@@:SSf
@@:Sf@
@@:Sfi
@@:SfI
@@:Sfs
@@:SfS
@@:Sff
@@:f@@
@@:f@i
@@:f@I
@@:f@s
@@:f@S
@@:f@f
@@:fi@
@@:fii
@@:fiI
@@:fis
@@:fiS
@@:fif
@@:fI@
@@:fIi
@@:fII
@@:fIs
@@:fIS
@@:fIf
@@:fs@
@@:fsi
@@:fsI
@@:fss
@@:fsS
@@:fsf
@@:fS@
@@:fSi
@@:fSI
@@:fSs
@@:fSS
@@:fSf
@@:ff@
@@:ffi
@@:ffI
@@:ffs
@@:ffS
@@:fff
i@:@@@
i@:@@i
i@:@@I
i@:@@s
i@:@@S
i@:@@f
i@:@i@
i@:@ii
i@:@iI
i@:@is
i@:@iS
i@:@if
i@:@I@
i@:@Ii
i@:@II
i@:@Is
i@:@IS
i@:@If
i@:@s@
i@:@si
i@:@sI
i@:@ss
i@:@sS
i@:@sf
i@:@S@
i@:@Si
i@:@SI
i@:@Ss
i@:@SS
i@:@Sf
i@:@f@
i@:@fi
i@:@fI
i@:@fs
i@:@fS
i@:@ff
i@:i@@
i@:i@i
i@:i@I
i@:i@s
i@:i@S
i@:i@f
i@:ii@
i@:iii
i@:iiI
i@:iis
i@:iiS
i@:iif
i@:iI@
i@:iIi
i@:iII
i@:iIs
i@:iIS
i@:iIf
i@:is@
i@:isi
i@:isI
i@:iss
i@:isS
i@:isf
i@:iS@
i@:iSi
i@:iSI
i@:iSs
i@:iSS
i@:iSf
i@:if@
i@:ifi
i@:ifI
i@:ifs
i@:ifS
i@:iff
i@:I@@
i@:I@i
i@:I@I
i@:I@s
i@:I@S
i@:I@f
i@:Ii@
i@:Iii
i@:IiI
i@:Iis
i@:IiS
i@:Iif
i@:II@
i@:IIi
i@:III
i@:IIs
i@:IIS
i@:IIf
i@:Is@
i@:Isi
i@:IsI
i@:Iss
i@:IsS
i@:Isf
i@:IS@
i@:ISi
i@:ISI
i@:ISs
i@:ISS
i@:ISf
i@:If@
i@:Ifi
i@:IfI
i@:Ifs
i@:IfS
i@:Iff
i@:s@@
i@:s@i
i@:s@I
i@:s@s
i@:s@S
i@:s@f
i@:si@
i@:sii
i@:siI
i@:sis
i@:siS
i@:sif
i@:sI@
i@:sIi
i@:sII
i@:sIs
i@:sIS
i@:sIf
i@:ss@
i@:ssi
i@:ssI
i@:sss
i@:ssS
i@:ssf
i@:sS@
i@:sSi
i@:sSI
i@:sSs
i@:sSS
i@:sSf
i@:sf@
i@:sfi
i@:sfI
i@:sfs
i@:sfS
i@:sff
i@:S@@
i@:S@i
i@:S@I
i@:S@s
i@:S@S
i@:S@f
i@:Si@
i@:Sii
i@:SiI
i@:Sis
i@:SiS
i@:Sif
i@:SI@
i@:SIi
i@:SII
i@:SIs
i@:SIS
i@:SIf
i@:Ss@
i@:Ssi
i@:SsI
i@:Sss
i@:SsS
i@:Ssf
i@:SS@
i@:SSi
i@:SSI
i@:SSs
i@:SSS
i@:SSf
i@:Sf@
i@:Sfi
i@:SfI
i@:Sfs
i@:SfS
i@:Sff
i@:f@@
i@:f@i
i@:f@I
i@:f@s
i@:f@S
i@:f@f
i@:fi@
i@:fii
i@:fiI
i@:fis
i@:fiS
i@:fif
i@:fI@
i@:fIi
i@:fII
i@:fIs
i@:fIS
i@:fIf
i@:fs@
i@:fsi
i@:fsI
i@:fss
i@:fsS
i@:fsf
i@:fS@
i@:fSi
i@:fSI
i@:fSs
i@:fSS
i@:fSf
i@:ff@
i@:ffi
i@:ffI
i@:ffs
i@:ffS
i@:fff
I@:@@@
I@:@@i
I@:@@I
I@:@@s
I@:@@S
I@:@@f
I@:@i@
I@:@ii
I@:@iI
I@:@is
I@:@iS
I@:@if
I@:@I@
I@:@Ii
I@:@II
I@:@Is
I@:@IS
I@:@If
I@:@s@
I@:@si
I@:@sI
I@:@ss
I@:@sS
I@:@sf
I@:@S@
I@:@Si
I@:@SI
I@:@Ss
I@:@SS
I@:@Sf
I@:@f@
I@:@fi
I@:@fI
I@:@fs
I@:@fS
I@:@ff
I@:i@@
I@:i@i
I@:i@I
I@:i@s
I@:i@S
I@:i@f
I@:ii@
I@:iii
I@:iiI
I@:iis
I@:iiS
I@:iif
I@:iI@
I@:iIi
I@:iII
I@:iIs
I@:iIS
I@:iIf
I@:is@
I@:isi
I@:isI
I@:iss
I@:isS
I@:isf
I@:iS@
I@:iSi
I@:iSI
I@:iSs
I@:iSS
I@:iSf
I@:if@
I@:ifi
I@:ifI
I@:ifs
I@:ifS
I@:iff
I@:I@@
I@:I@i
I@:I@I
I@:I@s
I@:I@S
I@:I@f
I@:Ii@
I@:Iii
I@:IiI
I@:Iis
I@:IiS
I@:Iif
I@:II@
I@:IIi
I@:III
I@:IIs
I@:IIS
I@:IIf
I@:Is@
I@:Isi
I@:IsI
I@:Iss
I@:IsS
I@:Isf
I@:IS@
I@:ISi
I@:ISI
I@:ISs
I@:ISS
I@:ISf
I@:If@
I@:Ifi
I@:IfI
I@:Ifs
I@:IfS
I@:Iff
I@:s@@
I@:s@i
I@:s@I
I@:s@s
I@:s@S
I@:s@f
I@:si@
I@:sii
I@:siI
I@:sis
I@:siS
I@:sif
I@:sI@
I@:sIi
I@:sII
I@:sIs
I@:sIS
I@:sIf
I@:ss@
I@:ssi
I@:ssI
I@:sss
I@:ssS
I@:ssf
I@:sS@
I@:sSi
I@:sSI
I@:sSs
I@:sSS
I@:sSf
I@:sf@
I@:sfi
I@:sfI
I@:sfs
I@:sfS
I@:sff
I@:S@@
I@:S@i
I@:S@I
I@:S@s
I@:S@S
I@:S@f
I@:Si@
I@:Sii
I@:SiI
I@:Sis
I@:SiS
I@:Sif
I@:SI@
I@:SIi
I@:SII
I@:SIs
I@:SIS
I@:SIf
I@:Ss@
I@:Ssi
I@:SsI
I@:Sss
I@:SsS
I@:Ssf
I@:SS@
I@:SSi
I@:SSI
I@:SSs
I@:SSS
I@:SSf
I@:Sf@
I@:Sfi
I@:SfI
I@:Sfs
I@:SfS
I@:Sff
I@:f@@
I@:f@i
I@:f@I
I@:f@s
I@:f@S
I@:f@f
I@:fi@
I@:fii
I@:fiI
I@:fis
I@:fiS
I@:fif
I@:fI@
I@:fIi
I@:fII
I@:fIs
I@:fIS
I@:fIf
I@:fs@
I@:fsi
I@:fsI
I@:fss
I@:fsS
I@:fsf
I@:fS@
I@:fSi
I@:fSI
I@:fSs
I@:fSS
I@:fSf
I@:ff@
I@:ffi
I@:ffI
I@:ffs
I@:ffS
I@:fff
s@:@@@
s@:@@i
s@:@@I
s@:@@s
s@:@@S
s@:@@f
s@:@i@
s@:@ii
s@:@iI
s@:@is
s@:@iS
s@:@if
s@:@I@
s@:@Ii
s@:@II
s@:@Is
s@:@IS
s@:@If
s@:@s@
s@:@si
s@:@sI
s@:@ss
s@:@sS
s@:@sf
s@:@S@
s@:@Si
s@:@SI
s@:@Ss
s@:@SS
s@:@Sf
s@:@f@
s@:@fi
s@:@fI
s@:@fs
s@:@fS
s@:@ff
s@:i@@
s@:i@i
s@:i@I
s@:i@s
s@:i@S
s@:i@f
s@:ii@
s@:iii
s@:iiI
s@:iis
s@:iiS
s@:iif
s@:iI@
s@:iIi
s@:iII
s@:iIs
s@:iIS
s@:iIf
s@:is@
s@:isi
s@:isI
s@:iss
s@:isS
s@:isf
s@:iS@
s@:iSi
s@:iSI
s@:iSs
s@:iSS
s@:iSf
s@:if@
s@:ifi
s@:ifI
s@:ifs
s@:ifS
s@:iff
s@:I@@
s@:I@i
s@:I@I
s@:I@s
s@:I@S
s@:I@f
s@:Ii@
s@:Iii
s@:IiI
s@:Iis
s@:IiS
s@:Iif
s@:II@
s@:IIi
s@:III
s@:IIs
s@:IIS
s@:IIf
s@:Is@
s@:Isi
s@:IsI
s@:Iss
s@:IsS
s@:Isf
s@:IS@
s@:ISi
s@:ISI
s@:ISs
s@:ISS
s@:ISf
s@:If@
s@:Ifi
s@:IfI
s@:Ifs
s@:IfS
s@:Iff
s@:s@@
s@:s@i
s@:s@I
s@:s@s
s@:s@S
s@:s@f
s@:si@
s@:sii
s@:siI
s@:sis
s@:siS
s@:sif
s@:sI@
s@:sIi
s@:sII
s@:sIs
s@:sIS
s@:sIf
s@:ss@
s@:ssi
s@:ssI
s@:sss
s@:ssS
s@:ssf
s@:sS@
s@:sSi
s@:sSI
s@:sSs
s@:sSS
s@:sSf
s@:sf@
s@:sfi
s@:sfI
s@:sfs
s@:sfS
s@:sff
s@:S@@
s@:S@i
s@:S@I
s@:S@s
s@:S@S
s@:S@f
s@:Si@
s@:Sii
s@:SiI
s@:Sis
s@:SiS
s@:Sif
s@:SI@
s@:SIi
s@:SII
s@:SIs
s@:SIS
s@:SIf
s@:Ss@
s@:Ssi
s@:SsI
s@:Sss
s@:SsS
s@:Ssf
s@:SS@
s@:SSi
s@:SSI
s@:SSs
s@:SSS
s@:SSf
s@:Sf@
s@:Sfi
s@:SfI
s@:Sfs
s@:SfS
s@:Sff
s@:f@@
s@:f@i
s@:f@I
s@:f@s
s@:f@S
s@:f@f
s@:fi@
s@:fii
s@:fiI
s@:fis
s@:fiS
s@:fif
s@:fI@
s@:fIi
s@:fII
s@:fIs
s@:fIS
s@:fIf
s@:fs@
s@:fsi
s@:fsI
s@:fss
s@:fsS
s@:fsf
s@:fS@
s@:fSi
s@:fSI
s@:fSs
s@:fSS
s@:fSf
s@:ff@
s@:ffi
s@:ffI
s@:ffs
s@:ffS
s@:fff
S@:@@@
S@:@@i
S@:@@I
S@:@@s
S@:@@S
S@:@@f
S@:@i@
S@:@ii
S@:@iI
S@:@is
S@:@iS
S@:@if
S@:@I@
S@:@Ii
S@:@II
S@:@Is
S@:@IS
S@:@If
S@:@s@
S@:@si
S@:@sI
S@:@ss
S@:@sS
S@:@sf
S@:@S@
S@:@Si
S@:@SI
S@:@Ss
S@:@SS
S@:@Sf
S@:@f@
S@:@fi
S@:@fI
S@:@fs
S@:@fS
S@:@ff
S@:i@@
S@:i@i
S@:i@I
S@:i@s
S@:i@S
S@:i@f
S@:ii@
S@:iii
S@:iiI
S@:iis
S@:iiS
S@:iif
S@:iI@
S@:iIi
S@:iII
S@:iIs
S@:iIS
S@:iIf
S@:is@
S@:isi
S@:isI
S@:iss
S@:isS
S@:isf
S@:iS@
S@:iSi
S@:iSI
S@:iSs
S@:iSS
S@:iSf
S@:if@
S@:ifi
S@:ifI
S@:ifs
S@:ifS
S@:iff
S@:I@@
S@:I@i
S@:I@I
S@:I@s
S@:I@S
S@:I@f
S@:Ii@
S@:Iii
S@:IiI
S@:Iis
S@:IiS
S@:Iif
S@:II@
S@:IIi
S@:III
S@:IIs
S@:IIS
S@:IIf
S@:Is@
S@:Isi
S@:IsI
S@:Iss
S@:IsS
S@:Isf
S@:IS@
S@:ISi
S@:ISI
S@:ISs
S@:ISS
S@:ISf
S@:If@
S@:Ifi
S@:IfI
S@:Ifs
S@:IfS
S@:Iff
S@:s@@
S@:s@i
S@:s@I
S@:s@s
S@:s@S
S@:s@f
S@:si@
S@:sii
S@:siI
S@:sis
S@:siS
S@:sif
S@:sI@
S@:sIi
S@:sII
S@:sIs
S@:sIS
S@:sIf
S@:ss@
S@:ssi
S@:ssI
S@:sss
S@:ssS
S@:ssf
S@:sS@
S@:sSi
S@:sSI
S@:sSs
S@:sSS
S@:sSf
S@:sf@
S@:sfi
S@:sfI
S@:sfs
S@:sfS
S@:sff
S@:S@@
S@:S@i
S@:S@I
S@:S@s
S@:S@S
S@:S@f
S@:Si@
S@:Sii
S@:SiI
S@:Sis
S@:SiS
S@:Sif
S@:SI@
S@:SIi
S@:SII
S@:SIs
S@:SIS
S@:SIf
S@:Ss@
S@:Ssi
S@:SsI
S@:Sss
S@:SsS
S@:Ssf
S@:SS@
S@:SSi
S@:SSI
S@:SSs
S@:SSS
S@:SSf
S@:Sf@
S@:Sfi
S@:SfI
S@:Sfs
S@:SfS
S@:Sff
S@:f@@
S@:f@i
S@:f@I
S@:f@s
S@:f@S
S@:f@f
S@:fi@
S@:fii
S@:fiI
S@:fis
S@:fiS
S@:fif
S@:fI@
S@:fIi
S@:fII
S@:fIs
S@:fIS
S@:fIf
S@:fs@
S@:fsi
S@:fsI
S@:fss
S@:fsS
S@:fsf
S@:fS@
S@:fSi
S@:fSI
S@:fSs
S@:fSS
S@:fSf
S@:ff@
S@:ffi
S@:ffI
S@:ffs
S@:ffS
S@:fff
f@:@@@
f@:@@i
f@:@@I
f@:@@s
f@:@@S
f@:@@f
f@:@i@
f@:@ii
f@:@iI
f@:@is
f@:@iS
f@:@if
f@:@I@
f@:@Ii
f@:@II
f@:@Is
f@:@IS
f@:@If
f@:@s@
f@:@si
f@:@sI
f@:@ss
f@:@sS
f@:@sf
f@:@S@
f@:@Si
f@:@SI
f@:@Ss
f@:@SS
f@:@Sf
f@:@f@
f@:@fi
f@:@fI
f@:@fs
f@:@fS
f@:@ff
f@:i@@
f@:i@i
f@:i@I
f@:i@s
f@:i@S
f@:i@f
f@:ii@
f@:iii
f@:iiI
f@:iis
f@:iiS
f@:iif
f@:iI@
f@:iIi
f@:iII
f@:iIs
f@:iIS
f@:iIf
f@:is@
f@:isi
f@:isI
f@:iss
f@:isS
f@:isf
f@:iS@
f@:iSi
f@:iSI
f@:iSs
f@:iSS
f@:iSf
f@:if@
f@:ifi
f@:ifI
f@:ifs
f@:ifS
f@:iff
f@:I@@
f@:I@i
f@:I@I
f@:I@s
f@:I@S
f@:I@f
f@:Ii@
f@:Iii
f@:IiI
f@:Iis
f@:IiS
f@:Iif
f@:II@
f@:IIi
f@:III
f@:IIs
f@:IIS
f@:IIf
f@:Is@
f@:Isi
f@:IsI
f@:Iss
f@:IsS
f@:Isf
f@:IS@
f@:ISi
f@:ISI
f@:ISs
f@:ISS
f@:ISf
f@:If@
f@:Ifi
f@:IfI
f@:Ifs
f@:IfS
f@:Iff
f@:s@@
f@:s@i
f@:s@I
f@:s@s
f@:s@S
f@:s@f
f@:si@
f@:sii
f@:siI
f@:sis
f@:siS
f@:sif
f@:sI@
f@:sIi
f@:sII
f@:sIs
f@:sIS
f@:sIf
f@:ss@
f@:ssi
f@:ssI
f@:sss
f@:ssS
f@:ssf
f@:sS@
f@:sSi
f@:sSI
f@:sSs
f@:sSS
f@:sSf
f@:sf@
f@:sfi
f@:sfI
f@:sfs
f@:sfS
f@:sff
f@:S@@
f@:S@i
f@:S@I
f@:S@s
f@:S@S
f@:S@f
f@:Si@
f@:Sii
f@:SiI
f@:Sis
f@:SiS
f@:Sif
f@:SI@
f@:SIi
f@:SII
f@:SIs
f@:SIS
f@:SIf
f@:Ss@
f@:Ssi
f@:SsI
f@:Sss
f@:SsS
f@:Ssf
f@:SS@
f@:SSi
f@:SSI
f@:SSs
f@:SSS
f@:SSf
f@:Sf@
f@:Sfi
f@:SfI
f@:Sfs
f@:SfS
f@:Sff
f@:f@@
f@:f@i
f@:f@I
f@:f@s
f@:f@S
f@:f@f
f@:fi@
f@:fii
f@:fiI
f@:fis
f@:fiS
f@:fif
f@:fI@
f@:fIi
f@:fII
f@:fIs
f@:fIS
f@:fIf
f@:fs@
f@:fsi
f@:fsI
f@:fss
f@:fsS
f@:fsf
f@:fS@
f@:fSi
f@:fSI
f@:fSs
f@:fSS
f@:fSf
f@:ff@
f@:ffi
f@:ffI
f@:ffs
f@:ffS
f@:fff
